1 True
2 False
3 False
4 True
5 True
6 False
7 True
8 True
9 False
10 True
11 False
12 False
13 True
14 True
15 True
16 True
17 True
18 False
19 False
