True
False
False
True
True
False
True
True
False
True
False
False
True
True
True
True
True
False
False
7
6
6
7
0
0
6
6
False
True
True
False
False
True
True
False
False
False
False
True
True
True
5
5
True
False
True
5
5
False
0
5
6
6
