1
True
False
True
False
True
True
False
False
True
